// Jest Snapshot v1, https://goo.gl/fbAQLP

exports[`should render ExpenseList with expenses correctly 1`] = `
<div>
  <ExpenseListItem
    amount={6000}
    createdAt={0}
    description="Rent Bill"
    id="1"
    key="1"
    note=""
  />
  <ExpenseListItem
    amount={1000}
    createdAt={-345600000}
    description="Gas Bill"
    id="2"
    key="2"
    note=""
  />
  <ExpenseListItem
    amount={5000}
    createdAt={345600000}
    description="Food"
    id="3"
    key="3"
    note=""
  />
</div>
`;

exports[`should render ExpenseList without expenses(empty array) correctly 1`] = `
<div>
  <p>
    No Expenses
  </p>
</div>
`;
